// Vitest Snapshot v1, https://vitest.dev/guide/snapshot.html

exports[`expandMacros > expands macros 1`] = `
{
  "children": [
    {
      "type": "text",
      "value": "Докладно про стандартні вбудовані об'єкти: ",
    },
    {
      "type": "html",
      "value": "<a href="/uk/docs/Web/JavaScript/Reference/Global_Objects/Array"><code>Array</code></a>",
    },
    {
      "type": "text",
      "value": ", ",
    },
    {
      "type": "html",
      "value": "<a href="/uk/docs/Web/JavaScript/Reference/Global_Objects/Boolean"><code>Boolean</code></a>",
    },
    {
      "type": "text",
      "value": ", ",
    },
    {
      "type": "html",
      "value": "<a href="/uk/docs/Web/JavaScript/Reference/Global_Objects/Date"><code>Date</code></a>",
    },
    {
      "type": "text",
      "value": ", ",
    },
    {
      "type": "html",
      "value": "<a href="/uk/docs/Web/JavaScript/Reference/Global_Objects/Error"><code>Error</code></a>",
    },
    {
      "type": "text",
      "value": ", ",
    },
    {
      "type": "html",
      "value": "<a href="/uk/docs/Web/JavaScript/Reference/Global_Objects/Function"><code>Function</code></a>",
    },
    {
      "type": "text",
      "value": ", ",
    },
    {
      "type": "html",
      "value": "<a href="/uk/docs/Web/JavaScript/Reference/Global_Objects/JSON"><code>JSON</code></a>",
    },
    {
      "type": "text",
      "value": ", ",
    },
    {
      "type": "html",
      "value": "<a href="/uk/docs/Web/JavaScript/Reference/Global_Objects/Math"><code>Math</code></a>",
    },
    {
      "type": "text",
      "value": ", ",
    },
    {
      "type": "html",
      "value": "<a href="/uk/docs/Web/JavaScript/Reference/Global_Objects/Number"><code>Number</code></a>",
    },
    {
      "type": "text",
      "value": ", ",
    },
    {
      "type": "html",
      "value": "<a href="/uk/docs/Web/JavaScript/Reference/Global_Objects/Object"><code>Object</code></a>",
    },
    {
      "type": "text",
      "value": ", ",
    },
    {
      "type": "html",
      "value": "<a href="/uk/docs/Web/JavaScript/Reference/Global_Objects/RegExp"><code>RegExp</code></a>",
    },
    {
      "type": "text",
      "value": ", ",
    },
    {
      "type": "html",
      "value": "<a href="/uk/docs/Web/JavaScript/Reference/Global_Objects/String"><code>String</code></a>",
    },
    {
      "type": "text",
      "value": ", ",
    },
    {
      "type": "html",
      "value": "<a href="/uk/docs/Web/JavaScript/Reference/Global_Objects/Map"><code>Map</code></a>",
    },
    {
      "type": "text",
      "value": ", ",
    },
    {
      "type": "html",
      "value": "<a href="/uk/docs/Web/JavaScript/Reference/Global_Objects/Set"><code>Set</code></a>",
    },
    {
      "type": "text",
      "value": ", ",
    },
    {
      "type": "html",
      "value": "<a href="/uk/docs/Web/JavaScript/Reference/Global_Objects/WeakMap"><code>WeakMap</code></a>",
    },
    {
      "type": "text",
      "value": ", ",
    },
    {
      "type": "html",
      "value": "<a href="/uk/docs/Web/JavaScript/Reference/Global_Objects/WeakSet"><code>WeakSet</code></a>",
    },
    {
      "type": "text",
      "value": ", та інші.",
    },
  ],
  "type": "root",
}
`;
