// Vitest Snapshot v1, https://vitest.dev/guide/snapshot.html

exports[`extractDescription > sets the description and sets it in the frontmatter 1`] = `
{
  "data": {
    "astro": {
      "frontmatter": {
        "description": "description",
        "slug": "slug",
        "title": "title",
      },
    },
  },
}
`;
