// Vitest Snapshot v1, https://vitest.dev/guide/snapshot.html

exports[`jsSidebar > should add a sidebar to the frontmatter 1`] = `
[
  {
    "links": [
      {
        "hasTranslation": true,
        "isCurrent": false,
        "path": "/uk/docs/Web/JavaScript/",
        "title": "JavaScript",
      },
      {
        "hasTranslation": true,
        "isCurrent": false,
        "path": "/uk/docs/Web/JavaScript/Tutorials/",
        "title": "Підручники",
      },
    ],
    "sections": [
      {
        "expanded": false,
        "items": [
          {
            "hasTranslation": true,
            "isCurrent": false,
            "path": "/uk/docs/Learn/Getting_started_with_the_web/JavaScript_basics",
            "slug": "Learn/Getting_started_with_the_web/JavaScript_basics",
            "title": "Основи JavaScript",
          },
          {
            "hasTranslation": true,
            "isCurrent": false,
            "path": "/uk/docs/Learn/JavaScript/First_steps",
            "slug": "Learn/JavaScript/First_steps",
            "title": "Перші кроки з JavaScript",
          },
          {
            "hasTranslation": true,
            "isCurrent": false,
            "path": "/uk/docs/Learn/JavaScript/Building_blocks",
            "slug": "Learn/JavaScript/Building_blocks",
            "title": "Конструктивні блоки JavaScript",
          },
          {
            "hasTranslation": true,
            "isCurrent": false,
            "path": "/uk/docs/Learn/JavaScript/Objects",
            "slug": "Learn/JavaScript/Objects",
            "title": "Вступ до об'єктів у JavaScript",
          },
        ],
        "title": "Для цілковитих початківців",
      },
      {
        "expanded": false,
        "items": [
          {
            "hasTranslation": true,
            "isCurrent": false,
            "path": "/uk/docs/Web/JavaScript/Guide/Introduction",
            "slug": "Web/JavaScript/Guide/Introduction",
            "title": "Вступ",
          },
          {
            "hasTranslation": true,
            "isCurrent": false,
            "path": "/uk/docs/Web/JavaScript/Guide/Grammar_and_Types",
            "slug": "Web/JavaScript/Guide/Grammar_and_Types",
            "title": "Граматика та типи",
          },
          {
            "hasTranslation": true,
            "isCurrent": false,
            "path": "/uk/docs/Web/JavaScript/Guide/Control_flow_and_error_handling",
            "slug": "Web/JavaScript/Guide/Control_flow_and_error_handling",
            "title": "Керування потоком та обробка помилок",
          },
          {
            "hasTranslation": true,
            "isCurrent": false,
            "path": "/uk/docs/Web/JavaScript/Guide/Loops_and_iteration",
            "slug": "Web/JavaScript/Guide/Loops_and_iteration",
            "title": "Цикли та ітерування",
          },
          {
            "hasTranslation": true,
            "isCurrent": false,
            "path": "/uk/docs/Web/JavaScript/Guide/Functions",
            "slug": "Web/JavaScript/Guide/Functions",
            "title": "Функції",
          },
          {
            "hasTranslation": true,
            "isCurrent": false,
            "path": "/uk/docs/Web/JavaScript/Guide/Expressions_and_Operators",
            "slug": "Web/JavaScript/Guide/Expressions_and_Operators",
            "title": "Вирази та оператори",
          },
          {
            "hasTranslation": true,
            "isCurrent": false,
            "path": "/uk/docs/Web/JavaScript/Guide/Numbers_and_dates",
            "slug": "Web/JavaScript/Guide/Numbers_and_dates",
            "title": "Числа та дати",
          },
          {
            "hasTranslation": true,
            "isCurrent": false,
            "path": "/uk/docs/Web/JavaScript/Guide/Text_formatting",
            "slug": "Web/JavaScript/Guide/Text_formatting",
            "title": "Форматування тексту",
          },
          {
            "hasTranslation": true,
            "isCurrent": false,
            "path": "/uk/docs/Web/JavaScript/Guide/Regular_Expressions",
            "slug": "Web/JavaScript/Guide/Regular_Expressions",
            "title": "Регулярні вирази",
          },
          {
            "hasTranslation": true,
            "isCurrent": false,
            "path": "/uk/docs/Web/JavaScript/Guide/Indexed_collections",
            "slug": "Web/JavaScript/Guide/Indexed_collections",
            "title": "Колекції з індексами",
          },
          {
            "hasTranslation": true,
            "isCurrent": false,
            "path": "/uk/docs/Web/JavaScript/Guide/Keyed_collections",
            "slug": "Web/JavaScript/Guide/Keyed_collections",
            "title": "Колекції з ключами",
          },
          {
            "hasTranslation": true,
            "isCurrent": false,
            "path": "/uk/docs/Web/JavaScript/Guide/Working_with_Objects",
            "slug": "Web/JavaScript/Guide/Working_with_Objects",
            "title": "Робота з об'єктами",
          },
          {
            "hasTranslation": true,
            "isCurrent": false,
            "path": "/uk/docs/Web/JavaScript/Guide/Details_of_the_Object_Model",
            "slug": "Web/JavaScript/Guide/Details_of_the_Object_Model",
            "title": "Докладно про об'єктну модель",
          },
          {
            "hasTranslation": true,
            "isCurrent": false,
            "path": "/uk/docs/Web/JavaScript/Guide/Using_promises",
            "slug": "Web/JavaScript/Guide/Using_promises",
            "title": "Використання промісів",
          },
          {
            "hasTranslation": true,
            "isCurrent": false,
            "path": "/uk/docs/Web/JavaScript/Guide/Iterators_and_generators",
            "slug": "Web/JavaScript/Guide/Iterators_and_generators",
            "title": "Ітератори та генератори",
          },
          {
            "hasTranslation": true,
            "isCurrent": false,
            "path": "/uk/docs/Web/JavaScript/Guide/Meta_programming",
            "slug": "Web/JavaScript/Guide/Meta_programming",
            "title": "Метапрограмування",
          },
          {
            "hasTranslation": true,
            "isCurrent": false,
            "path": "/uk/docs/Web/JavaScript/Guide/Modules",
            "slug": "Web/JavaScript/Guide/Modules",
            "title": "Модулі JavaScript",
          },
        ],
        "title": "Посібники з JavaScript",
      },
      {
        "expanded": false,
        "items": [
          {
            "hasTranslation": true,
            "isCurrent": false,
            "path": "/uk/docs/Learn/Tools_and_testing/Client-side_JavaScript_frameworks",
            "slug": "Learn/Tools_and_testing/Client-side_JavaScript_frameworks",
            "title": "Клієнтські фреймворки у JavaScript",
          },
          {
            "hasTranslation": true,
            "isCurrent": false,
            "path": "/uk/docs/Learn/JavaScript/Client-side_web_APIs",
            "slug": "Learn/JavaScript/Client-side_web_APIs",
            "title": "Клієнтські API Вебу",
          },
          {
            "hasTranslation": true,
            "isCurrent": false,
            "path": "/uk/docs/Web/JavaScript/A_re-introduction_to_JavaScript",
            "slug": "Web/JavaScript/A_re-introduction_to_JavaScript",
            "title": "Повторний вступ до JavaScript",
          },
          {
            "hasTranslation": true,
            "isCurrent": false,
            "path": "/uk/docs/Web/JavaScript/Data_structures",
            "slug": "Web/JavaScript/Data_structures",
            "title": "Структури даних у JavaScript",
          },
          {
            "hasTranslation": true,
            "isCurrent": false,
            "path": "/uk/docs/Web/JavaScript/Equality_comparisons_and_sameness",
            "slug": "Web/JavaScript/Equality_comparisons_and_sameness",
            "title": "Порівняння на схожість і однаковість",
          },
          {
            "hasTranslation": true,
            "isCurrent": false,
            "path": "/uk/docs/Web/JavaScript/Closures",
            "slug": "Web/JavaScript/Closures",
            "title": "Замикання",
          },
        ],
        "title": "Середній рівень",
      },
      {
        "expanded": false,
        "items": [
          {
            "hasTranslation": true,
            "isCurrent": false,
            "path": "/uk/docs/Web/JavaScript/Inheritance_and_the_prototype_chain",
            "slug": "Web/JavaScript/Inheritance_and_the_prototype_chain",
            "title": "Наслідування та ланцюжок прототипів",
          },
          {
            "hasTranslation": true,
            "isCurrent": false,
            "path": "/uk/docs/Web/JavaScript/Reference/Strict_mode",
            "slug": "Web/JavaScript/Reference/Strict_mode",
            "title": "Суворий режим",
          },
          {
            "hasTranslation": true,
            "isCurrent": false,
            "path": "/uk/docs/Web/JavaScript/Typed_arrays",
            "slug": "Web/JavaScript/Typed_arrays",
            "title": "Типізовані масиви JavaScript",
          },
          {
            "hasTranslation": true,
            "isCurrent": false,
            "path": "/uk/docs/Web/JavaScript/Memory_Management",
            "slug": "Web/JavaScript/Memory_Management",
            "title": "Керування пам'яттю",
          },
          {
            "hasTranslation": true,
            "isCurrent": false,
            "path": "/uk/docs/Web/JavaScript/EventLoop",
            "slug": "Web/JavaScript/EventLoop",
            "title": "Модель багатопотоковості та Цикл подій",
          },
        ],
        "title": "Поглиблене вивчення",
      },
    ],
  },
  {
    "links": [
      {
        "hasTranslation": true,
        "isCurrent": false,
        "path": "/uk/docs/Web/JavaScript/Reference/",
        "title": "Довідник",
      },
    ],
    "sections": [
      {
        "expanded": false,
        "items": [],
        "title": "Вбудовані об'єкти",
      },
      {
        "expanded": false,
        "items": [],
        "title": "Вирази та оператори",
      },
      {
        "expanded": false,
        "items": [],
        "title": "Інструкції та оголошення",
      },
      {
        "expanded": false,
        "items": [],
        "title": "Функції",
      },
      {
        "expanded": false,
        "items": [],
        "title": "Класи",
      },
      {
        "expanded": false,
        "items": [],
        "title": "Помилки",
      },
      {
        "expanded": false,
        "items": [
          {
            "hasTranslation": true,
            "isCurrent": false,
            "path": "/uk/docs/Web/JavaScript/JavaScript_technologies_overview/",
            "title": "Огляд JavaScript",
          },
          {
            "hasTranslation": true,
            "isCurrent": false,
            "path": "/uk/docs/Web/JavaScript/Reference/Lexical_grammar/",
            "title": "Лексична граматика",
          },
          {
            "hasTranslation": true,
            "isCurrent": false,
            "path": "/uk/docs/Web/JavaScript/Data_structures/",
            "title": "Структури даних у JavaScript",
          },
          {
            "hasTranslation": true,
            "isCurrent": false,
            "path": "/uk/docs/Web/JavaScript/Enumerability_and_ownership_of_properties/",
            "title": "Перелічуваність і належність властивостей",
          },
          {
            "hasTranslation": true,
            "isCurrent": false,
            "path": "/uk/docs/Web/JavaScript/Reference/Iteration_protocols/",
            "title": "Протоколи ітерування",
          },
          {
            "hasTranslation": true,
            "isCurrent": false,
            "path": "/uk/docs/Web/JavaScript/Reference/Strict_mode/",
            "title": "Суворий режим",
          },
          {
            "hasTranslation": true,
            "isCurrent": false,
            "path": "/uk/docs/Web/JavaScript/Reference/Strict_mode/Transitioning_to_strict_mode/",
            "title": "Перехід до суворого режиму",
          },
          {
            "hasTranslation": true,
            "isCurrent": false,
            "path": "/uk/docs/Web/JavaScript/Reference/Template_literals/",
            "title": "Шаблонні літерали",
          },
          {
            "hasTranslation": true,
            "isCurrent": false,
            "path": "/uk/docs/Web/JavaScript/Reference/Deprecated_and_obsolete_features/",
            "title": "Нерекомендовані можливості",
          },
        ],
        "title": "Різне",
      },
    ],
  },
]
`;
